// Jest Snapshot v1, https://goo.gl/fbAQLP

exports[`Country component test Renders Country 1`] = `
<a
  className="wrapper"
  href="/cities"
  onClick={[Function]}
>
  <i
    className="right_arrow"
  />
  <i
    className="map"
    style={
      Object {
        "background": "url(null) no-repeat center center/cover",
      }
    }
  />
  <div
    className="info"
  >
    <h3>
      test
    </h3>
    <span>
      5
    </span>
  </div>
</a>
`;
